▲ Next.js 16.2.6 (Turbopack)
- Environments: .env

  Creating an optimized production build ...
✓ Compiled successfully in 13.4s
  Running TypeScript ...
  Finished TypeScript in 7.6s ...
  Collecting page data using 11 workers ...
  Generating static pages using 11 workers (0/13) ...
  Generating static pages using 11 workers (3/13) 
  Generating static pages using 11 workers (6/13) 
  Generating static pages using 11 workers (9/13) 
✓ Generating static pages using 11 workers (13/13) in 809ms
  Finalizing page optimization ...

Route (app)
┌ ○ /
├ ○ /_not-found
├ ○ /admin/datasets
├ ○ /admin/menus
├ ○ /admin/users
├ ○ /aisnet
├ ƒ /api/chat
├ ƒ /api/chat/context
├ ƒ /api/documents/[id]/download
├ ○ /documents
├ ○ /robots.txt
└ ○ /sitemap.xml


ƒ Proxy (Middleware)

○  (Static)   prerendered as static content
ƒ  (Dynamic)  server-rendered on demand

